gcc -g p3final.c
 ./a.out
enter the number
8
8 is a composite number
 ./a.out
enter the number
1
1 is not a composite number
 ./a.out
enter the number
5
5 is not a composite number
 gdb a.out
GNU gdb (Ubuntu 8.1.1-0ubuntu1) 8.1.1
Copyright (C) 2018 Free Software Foundation, Inc.
License GPLv3+: GNU GPL version 3 or later <http://gnu.org/licenses/gpl.html>
 gcc -g p1final.c
 gcc -g p3final.c
 ./a.out
enter the number
3
3 is not a composite number
 ./a.out
enter the number
8
8 is a composite number
 gdb a.out
GNU gdb (Ubuntu 8.1.1-0ubuntu1) 8.1.1
Copyright (C) 2018 Free Software Foundation, Inc.
License GPLv3+: GNU GPL version 3 or later <http://gnu.org/licenses/gpl.html>
This is free software: you are free to change and redistribute it.
There is NO WARRANTY, to the extent permitted by law.  Type "show copying"
and "show warranty" for details.
This GDB was configured as "x86_64-linux-gnu".
Type "show configuration" for configuration details.
For bug reporting instructions, please see:
<http://www.gnu.org/software/gdb/bugs/>.
Find the GDB manual and other documentation resources online at:
<http://www.gnu.org/software/gdb/documentation/>.
For help, type "help".
Type "apropos word" to search for commands related to "word"...
Reading symbols from a.out...done.
(gdb) b main
Breakpoint 1 at 0x84b: file p3final.c, line 28.
(gdb) r
Starting program: /home/runner/IA2-Test1-Session2-2/a.out 
warning: Error disabling address space randomization: Operation not permitted

Breakpoint 1, main () at p3final.c:28
28    a=input_number();
(gdb) s
input_number () at p3final.c:3
3   {
(gdb) n
5     printf("enter the number\n");
(gdb) n
enter the number
6     scanf("%d",&a);
(gdb) n
6
7     return a;
(gdb) n
8   }
(gdb) n
main () at p3final.c:29
29    n=is_composite(a);
(gdb) s
is_composite (n=6) at p3final.c:11
11    for(int i=2; i<=n/2; i++)
(gdb) n
13      if (n%i==0)
(gdb) n
14      return 1;
(gdb) n
17  }
(gdb) n
main () at p3final.c:30
30    output(a,n);
(gdb) s
output (n=6, composite=1) at p3final.c:20
20    if(composite)
(gdb) n
21    printf("%d is a composite number\n",n);
(gdb) n
6 is a composite number
24  }
(gdb) n
main () at p3final.c:31
31    return 0;
(gdb) n
32  }(gdb) n
__libc_start_main (main=0x55daef400843 <main>, argc=1, argv=0x7ffcf8f3c538, 
    init=<optimized out>, fini=<optimized out>, rtld_fini=<optimized out>, 
    stack_end=0x7ffcf8f3c528) at ../csu/libc-start.c:344
344 ../csu/libc-start.c: No such file or directory.
(gdb) c
Continuing.
[Inferior 1 (process 929) exited normally]
(gdb) 